Archive member included to satisfy reference by file (symbol)

D:/ST/STM32CubeIDE_1.13.2/STM32CubeIDE/plugins/com.st.stm32cube.ide.mcu.externaltools.gnu-tools-for-stm32.11.3.rel1.win32_1.1.1.202309131626/tools/bin/../lib/gcc/arm-none-eabi/11.3.1/../../../../arm-none-eabi/lib/thumb/v7-m/nofp\libc_nano.a(libc_a-exit.o)
                              D:/ST/STM32CubeIDE_1.13.2/STM32CubeIDE/plugins/com.st.stm32cube.ide.mcu.externaltools.gnu-tools-for-stm32.11.3.rel1.win32_1.1.1.202309131626/tools/bin/../lib/gcc/arm-none-eabi/11.3.1/../../../../arm-none-eabi/lib/thumb/v7-m/nofp/crt0.o (exit)
D:/ST/STM32CubeIDE_1.13.2/STM32CubeIDE/plugins/com.st.stm32cube.ide.mcu.externaltools.gnu-tools-for-stm32.11.3.rel1.win32_1.1.1.202309131626/tools/bin/../lib/gcc/arm-none-eabi/11.3.1/../../../../arm-none-eabi/lib/thumb/v7-m/nofp\libc_nano.a(libc_a-findfp.o)
                              D:/ST/STM32CubeIDE_1.13.2/STM32CubeIDE/plugins/com.st.stm32cube.ide.mcu.externaltools.gnu-tools-for-stm32.11.3.rel1.win32_1.1.1.202309131626/tools/bin/../lib/gcc/arm-none-eabi/11.3.1/../../../../arm-none-eabi/lib/thumb/v7-m/nofp\libc_nano.a(libc_a-exit.o) (__stdio_exit_handler)
D:/ST/STM32CubeIDE_1.13.2/STM32CubeIDE/plugins/com.st.stm32cube.ide.mcu.externaltools.gnu-tools-for-stm32.11.3.rel1.win32_1.1.1.202309131626/tools/bin/../lib/gcc/arm-none-eabi/11.3.1/../../../../arm-none-eabi/lib/thumb/v7-m/nofp\libc_nano.a(libc_a-fwalk.o)
                              D:/ST/STM32CubeIDE_1.13.2/STM32CubeIDE/plugins/com.st.stm32cube.ide.mcu.externaltools.gnu-tools-for-stm32.11.3.rel1.win32_1.1.1.202309131626/tools/bin/../lib/gcc/arm-none-eabi/11.3.1/../../../../arm-none-eabi/lib/thumb/v7-m/nofp\libc_nano.a(libc_a-findfp.o) (_fwalk_sglue)
D:/ST/STM32CubeIDE_1.13.2/STM32CubeIDE/plugins/com.st.stm32cube.ide.mcu.externaltools.gnu-tools-for-stm32.11.3.rel1.win32_1.1.1.202309131626/tools/bin/../lib/gcc/arm-none-eabi/11.3.1/../../../../arm-none-eabi/lib/thumb/v7-m/nofp\libc_nano.a(libc_a-stdio.o)
                              D:/ST/STM32CubeIDE_1.13.2/STM32CubeIDE/plugins/com.st.stm32cube.ide.mcu.externaltools.gnu-tools-for-stm32.11.3.rel1.win32_1.1.1.202309131626/tools/bin/../lib/gcc/arm-none-eabi/11.3.1/../../../../arm-none-eabi/lib/thumb/v7-m/nofp\libc_nano.a(libc_a-findfp.o) (__sread)
D:/ST/STM32CubeIDE_1.13.2/STM32CubeIDE/plugins/com.st.stm32cube.ide.mcu.externaltools.gnu-tools-for-stm32.11.3.rel1.win32_1.1.1.202309131626/tools/bin/../lib/gcc/arm-none-eabi/11.3.1/../../../../arm-none-eabi/lib/thumb/v7-m/nofp\libc_nano.a(libc_a-memset.o)
                              D:/ST/STM32CubeIDE_1.13.2/STM32CubeIDE/plugins/com.st.stm32cube.ide.mcu.externaltools.gnu-tools-for-stm32.11.3.rel1.win32_1.1.1.202309131626/tools/bin/../lib/gcc/arm-none-eabi/11.3.1/../../../../arm-none-eabi/lib/thumb/v7-m/nofp/crt0.o (memset)
D:/ST/STM32CubeIDE_1.13.2/STM32CubeIDE/plugins/com.st.stm32cube.ide.mcu.externaltools.gnu-tools-for-stm32.11.3.rel1.win32_1.1.1.202309131626/tools/bin/../lib/gcc/arm-none-eabi/11.3.1/../../../../arm-none-eabi/lib/thumb/v7-m/nofp\libc_nano.a(libc_a-closer.o)
                              D:/ST/STM32CubeIDE_1.13.2/STM32CubeIDE/plugins/com.st.stm32cube.ide.mcu.externaltools.gnu-tools-for-stm32.11.3.rel1.win32_1.1.1.202309131626/tools/bin/../lib/gcc/arm-none-eabi/11.3.1/../../../../arm-none-eabi/lib/thumb/v7-m/nofp\libc_nano.a(libc_a-stdio.o) (_close_r)
D:/ST/STM32CubeIDE_1.13.2/STM32CubeIDE/plugins/com.st.stm32cube.ide.mcu.externaltools.gnu-tools-for-stm32.11.3.rel1.win32_1.1.1.202309131626/tools/bin/../lib/gcc/arm-none-eabi/11.3.1/../../../../arm-none-eabi/lib/thumb/v7-m/nofp\libc_nano.a(libc_a-reent.o)
                              D:/ST/STM32CubeIDE_1.13.2/STM32CubeIDE/plugins/com.st.stm32cube.ide.mcu.externaltools.gnu-tools-for-stm32.11.3.rel1.win32_1.1.1.202309131626/tools/bin/../lib/gcc/arm-none-eabi/11.3.1/../../../../arm-none-eabi/lib/thumb/v7-m/nofp\libc_nano.a(libc_a-closer.o) (errno)
D:/ST/STM32CubeIDE_1.13.2/STM32CubeIDE/plugins/com.st.stm32cube.ide.mcu.externaltools.gnu-tools-for-stm32.11.3.rel1.win32_1.1.1.202309131626/tools/bin/../lib/gcc/arm-none-eabi/11.3.1/../../../../arm-none-eabi/lib/thumb/v7-m/nofp\libc_nano.a(libc_a-impure.o)
                              D:/ST/STM32CubeIDE_1.13.2/STM32CubeIDE/plugins/com.st.stm32cube.ide.mcu.externaltools.gnu-tools-for-stm32.11.3.rel1.win32_1.1.1.202309131626/tools/bin/../lib/gcc/arm-none-eabi/11.3.1/../../../../arm-none-eabi/lib/thumb/v7-m/nofp\libc_nano.a(libc_a-reent.o) (_impure_ptr)
D:/ST/STM32CubeIDE_1.13.2/STM32CubeIDE/plugins/com.st.stm32cube.ide.mcu.externaltools.gnu-tools-for-stm32.11.3.rel1.win32_1.1.1.202309131626/tools/bin/../lib/gcc/arm-none-eabi/11.3.1/../../../../arm-none-eabi/lib/thumb/v7-m/nofp\libc_nano.a(libc_a-lseekr.o)
[...]
Memory Configuration

Name             Origin             Length             Attributes
RAM              0x0000000020000000 0x0000000000010000 xrw
FLASH            0x0000000008000000 0x0000000000080000 xr
*default*        0x0000000000000000 0xffffffffffffffff

Linker script and memory map

LOAD D:/ST/STM32CubeIDE_1.13.2/STM32CubeIDE/plugins/com.st.stm32cube.ide.mcu.externaltools.gnu-tools-for-stm32.11.3.rel1.win32_1.1.1.202309131626/tools/bin/../lib/gcc/arm-none-eabi/11.3.1/thumb/v7-m/nofp/crti.o
LOAD D:/ST/STM32CubeIDE_1.13.2/STM32CubeIDE/plugins/com.st.stm32cube.ide.mcu.externaltools.gnu-tools-for-stm32.11.3.rel1.win32_1.1.1.202309131626/tools/bin/../lib/gcc/arm-none-eabi/11.3.1/thumb/v7-m/nofp/crtbegin.o
LOAD D:/ST/STM32CubeIDE_1.13.2/STM32CubeIDE/plugins/com.st.stm32cube.ide.mcu.externaltools.gnu-tools-for-stm32.11.3.rel1.win32_1.1.1.202309131626/tools/bin/../lib/gcc/arm-none-eabi/11.3.1/../../../../arm-none-eabi/lib/thumb/v7-m/nofp/crt0.o
LOAD ./Core/Src/OLED.o
LOAD ./Core/Src/gpio.o
LOAD ./Core/Src/i2c.o
LOAD ./Core/Src/main.o
LOAD ./Core/Src/stm32f1xx_hal_msp.o
LOAD ./Core/Src/stm32f1xx_it.o
LOAD ./Core/Src/syscalls.o
LOAD ./Core/Src/sysmem.o
LOAD ./Core/Src/system_stm32f1xx.o
LOAD ./Core/Src/tim.o
LOAD ./Core/Startup/startup_stm32f103zetx.o
LOAD ./Drivers/STM32F1xx_HAL_Driver/Src/stm32f1xx_hal.o
LOAD ./Drivers/STM32F1xx_HAL_Driver/Src/stm32f1xx_hal_cortex.o
LOAD ./Drivers/STM32F1xx_HAL_Driver/Src/stm32f1xx_hal_dma.o
LOAD ./Drivers/STM32F1xx_HAL_Driver/Src/stm32f1xx_hal_exti.o
LOAD ./Drivers/STM32F1xx_HAL_Driver/Src/stm32f1xx_hal_flash.o
LOAD ./Drivers/STM32F1xx_HAL_Driver/Src/stm32f1xx_hal_flash_ex.o
LOAD ./Drivers/STM32F1xx_HAL_Driver/Src/stm32f1xx_hal_gpio.o
LOAD ./Drivers/STM32F1xx_HAL_Driver/Src/stm32f1xx_hal_gpio_ex.o
LOAD ./Drivers/STM32F1xx_HAL_Driver/Src/stm32f1xx_hal_i2c.o
LOAD ./Drivers/STM32F1xx_HAL_Driver/Src/stm32f1xx_hal_pwr.o
LOAD ./Drivers/STM32F1xx_HAL_Driver/Src/stm32f1xx_hal_rcc.o
LOAD ./Drivers/STM32F1xx_HAL_Driver/Src/stm32f1xx_hal_rcc_ex.o
LOAD ./Drivers/STM32F1xx_HAL_Driver/Src/stm32f1xx_hal_tim.o
LOAD ./Drivers/STM32F1xx_HAL_Driver/Src/stm32f1xx_hal_tim_ex.o
START GROUP
LOAD D:/ST/STM32CubeIDE_1.13.2/STM32CubeIDE/plugins/com.st.stm32cube.ide.mcu.externaltools.gnu-tools-for-stm32.11.3.rel1.win32_1.1.1.202309131626/tools/bin/../lib/gcc/arm-none-eabi/11.3.1/../../../../arm-none-eabi/lib/thumb/v7-m/nofp\libc_nano.a
LOAD D:/ST/STM32CubeIDE_1.13.2/STM32CubeIDE/plugins/com.st.stm32cube.ide.mcu.externaltools.gnu-tools-for-stm32.11.3.rel1.win32_1.1.1.202309131626/tools/bin/../lib/gcc/arm-none-eabi/11.3.1/../../../../arm-none-eabi/lib/thumb/v7-m/nofp\libm.a
END GROUP
START GROUP
LOAD D:/ST/STM32CubeIDE_1.13.2/STM32CubeIDE/plugins/com.st.stm32cube.ide.mcu.externaltools.gnu-tools-for-stm32.11.3.rel1.win32_1.1.1.202309131626/tools/bin/../lib/gcc/arm-none-eabi/11.3.1/thumb/v7-m/nofp\libgcc.a
LOAD D:/ST/STM32CubeIDE_1.13.2/STM32CubeIDE/plugins/com.st.stm32cube.ide.mcu.externaltools.gnu-tools-for-stm32.11.3.rel1.win32_1.1.1.202309131626/tools/bin/../lib/gcc/arm-none-eabi/11.3.1/../../../../arm-none-eabi/lib/thumb/v7-m/nofp\libc_nano.a
END GROUP
START GROUP
LOAD D:/ST/STM32CubeIDE_1.13.2/STM32CubeIDE/plugins/com.st.stm32cube.ide.mcu.externaltools.gnu-tools-for-stm32.11.3.rel1.win32_1.1.1.202309131626/tools/bin/../lib/gcc/arm-none-eabi/11.3.1/thumb/v7-m/nofp\libgcc.a
LOAD D:/ST/STM32CubeIDE_1.13.2/STM32CubeIDE/plugins/com.st.stm32cube.ide.mcu.externaltools.gnu-tools-for-stm32.11.3.rel1.win32_1.1.1.202309131626/tools/bin/../lib/gcc/arm-none-eabi/11.3.1/../../../../arm-none-eabi/lib/thumb/v7-m/nofp\libc_nano.a
LOAD D:/ST/STM32CubeIDE_1.13.2/STM32CubeIDE/plugins/com.st.stm32cube.ide.mcu.externaltools.gnu-tools-for-stm32.11.3.rel1.win32_1.1.1.202309131626/tools/bin/../lib/gcc/arm-none-eabi/11.3.1/../../../../arm-none-eabi/lib/thumb/v7-m/nofp\libnosys.a
END GROUP
START GROUP
LOAD D:/ST/STM32CubeIDE_1.13.2/STM32CubeIDE/plugins/com.st.stm32cube.ide.mcu.externaltools.gnu-tools-for-stm32.11.3.rel1.win32_1.1.1.202309131626/tools/bin/../lib/gcc/arm-none-eabi/11.3.1/thumb/v7-m/nofp\libgcc.a
LOAD D:/ST/STM32CubeIDE_1.13.2/STM32CubeIDE/plugins/com.st.stm32cube.ide.mcu.externaltools.gnu-tools-for-stm32.11.3.rel1.win32_1.1.1.202309131626/tools/bin/../lib/gcc/arm-none-eabi/11.3.1/../../../../arm-none-eabi/lib/thumb/v7-m/nofp\libc_nano.a
LOAD D:/ST/STM32CubeIDE_1.13.2/STM32CubeIDE/plugins/com.st.stm32cube.ide.mcu.externaltools.gnu-tools-for-stm32.11.3.rel1.win32_1.1.1.202309131626/tools/bin/../lib/gcc/arm-none-eabi/11.3.1/../../../../arm-none-eabi/lib/thumb/v7-m/nofp\libnosys.a
END GROUP
LOAD D:/ST/STM32CubeIDE_1.13.2/STM32CubeIDE/plugins/com.st.stm32cube.ide.mcu.externaltools.gnu-tools-for-stm32.11.3.rel1.win32_1.1.1.202309131626/tools/bin/../lib/gcc/arm-none-eabi/11.3.1/thumb/v7-m/nofp/crtend.o
LOAD D:/ST/STM32CubeIDE_1.13.2/STM32CubeIDE/plugins/com.st.stm32cube.ide.mcu.externaltools.gnu-tools-for-stm32.11.3.rel1.win32_1.1.1.202309131626/tools/bin/../lib/gcc/arm-none-eabi/11.3.1/thumb/v7-m/nofp/crtn.o
                0x0000000020010000                _estack = (ORIGIN (RAM) + LENGTH (RAM))
                0x0000000000000200                _Min_Heap_Size = 0x200
                0x0000000000000400                _Min_Stack_Size = 0x400

.isr_vector     0x0000000008000000      0x1e4
                0x0000000008000000                . = ALIGN (0x4)
 *(.isr_vector)
 .isr_vector    0x0000000008000000      0x1e4 ./Core/Startup/startup_stm32f103zetx.o
                0x0000000008000000                g_pfnVectors
                0x00000000080001e4                . = ALIGN (0x4)

.text           0x00000000080001e4     0x3324
                0x00000000080001e4                . = ALIGN (0x4)
 *(.text)
 .text          0x00000000080001e4       0x40 D:/ST/STM32CubeIDE_1.13.2/STM32CubeIDE/plugins/com.st.stm32cube.ide.mcu.externaltools.gnu-tools-for-stm32.11.3.rel1.win32_1.1.1.202309131626/tools/bin/../lib/gcc/arm-none-eabi/11.3.1/thumb/v7-m/nofp/crtbegin.o
 .text          0x0000000008000224      0x21c D:/ST/STM32CubeIDE_1.13.2/STM32CubeIDE/plugins/com.st.stm32cube.ide.mcu.externaltools.gnu-tools-for-stm32.11.3.rel1.win32_1.1.1.202309131626/tools/bin/../lib/gcc/arm-none-eabi/11.3.1/thumb/v7-m/nofp\libgcc.a(_arm_addsubsf3.o)
                0x0000000008000224                __aeabi_frsub
                0x000000000800022c                __subsf3
                0x000000000800022c                __aeabi_fsub
                0x0000000008000230                __aeabi_fadd
                0x0000000008000230                __addsf3
                0x0000000008000390                __aeabi_ui2f
                0x0000000008000390                __floatunsisf
                0x0000000008000398                __aeabi_i2f
                0x0000000008000398                __floatsisf
                0x00000000080003b4                __aeabi_ul2f
                0x00000000080003b4                __floatundisf
                0x00000000080003c4                __aeabi_l2f
                0x00000000080003c4                __floatdisf
 .text          0x0000000008000440      0x2a0 D:/ST/STM32CubeIDE_1.13.2/STM32CubeIDE/plugins/com.st.stm32cube.ide.mcu.externaltools.gnu-tools-for-stm32.11.3.rel1.win32_1.1.1.202309131626/tools/bin/../lib/gcc/arm-none-eabi/11.3.1/thumb/v7-m/nofp\libgcc.a(_arm_muldivsf3.o)
                0x0000000008000440                __mulsf3
                0x0000000008000440                __aeabi_fmul
                0x00000000080005a8                __aeabi_fdiv
                0x00000000080005a8                __divsf3
 .text          0x00000000080006e0       0xec D:/ST/STM32CubeIDE_1.13.2/STM32CubeIDE/plugins/com.st.stm32cube.ide.mcu.externaltools.gnu-tools-for-stm32.11.3.rel1.win32_1.1.1.202309131626/tools/bin/../lib/gcc/arm-none-eabi/11.3.1/thumb/v7-m/nofp\libgcc.a(_arm_cmpsf2.o)
                0x00000000080006e0                __gesf2
                0x00000000080006e0                __gtsf2
                0x00000000080006e8                __lesf2
                0x00000000080006e8                __ltsf2
                0x00000000080006f0                __nesf2
                0x00000000080006f0                __eqsf2
                0x00000000080006f0                __cmpsf2
                0x0000000008000750                __aeabi_cfrcmple
                0x0000000008000758                __aeabi_cfcmpeq
                0x0000000008000758                __aeabi_cfcmple
                0x0000000008000768                __aeabi_fcmpeq
                0x000000000800077c                __aeabi_fcmplt
                0x0000000008000790                __aeabi_fcmple
                0x00000000080007a4                __aeabi_fcmpge
                0x00000000080007b8                __aeabi_fcmpgt
 .text          0x00000000080007cc       0x40 D:/ST/STM32CubeIDE_1.13.2/STM32CubeIDE/plugins/com.st.stm32cube.ide.mcu.externaltools.gnu-tools-for-stm32.11.3.rel1.win32_1.1.1.202309131626/tools/bin/../lib/gcc/arm-none-eabi/11.3.1/thumb/v7-m/nofp\libgcc.a(_arm_fixunssfsi.o)
                0x00000000080007cc                __fixunssfsi
                0x00000000080007cc                __aeabi_f2uiz
 *(.text*)
 .text.OLED_WriteCommand
                0x000000000800080c       0x30 ./Core/Src/OLED.o
                0x000000000800080c                OLED_WriteCommand
 .text.OLED_WriteData
                0x000000000800083c       0x30 ./Core/Src/OLED.o
                0x000000000800083c                OLED_WriteData
 .text.OLED_SetCursor
                0x000000000800086c       0x46 ./Core/Src/OLED.o
                0x000000000800086c                OLED_SetCursor
 .text.OLED_Clear
                0x00000000080008b2       0x46 ./Core/Src/OLED.o
                0x00000000080008b2                OLED_Clear
 .text.OLED_ShowChar
                0x00000000080008f8       0xb4 ./Core/Src/OLED.o
                0x00000000080008f8                OLED_ShowChar
 .text.OLED_ShowString
                0x00000000080009ac       0x4a ./Core/Src/OLED.o
                0x00000000080009ac                OLED_ShowString
 .text.OLED_Pow
                0x00000000080009f6       0x30 ./Core/Src/OLED.o
                0x00000000080009f6                OLED_Pow
 *fill*         0x0000000008000a26        0x2 
 .text.OLED_ShowNum
                0x0000000008000a28       0x7c ./Core/Src/OLED.o
                0x0000000008000a28                OLED_ShowNum
 .text.OLED_Init
                0x0000000008000aa4       0xc4 ./Core/Src/OLED.o
                0x0000000008000aa4                OLED_Init
 .text.MX_GPIO_Init
                0x0000000008000b68       0x44 ./Core/Src/gpio.o
                0x0000000008000b68                MX_GPIO_Init
 .text.MX_I2C1_Init
                0x0000000008000bac       0x5c ./Core/Src/i2c.o
                0x0000000008000bac                MX_I2C1_Init
 .text.HAL_I2C_MspInit
                0x0000000008000c08       0x7c ./Core/Src/i2c.o
                0x0000000008000c08                HAL_I2C_MspInit
 .text.main     0x0000000008000c84      0x13c ./Core/Src/main.o
                0x0000000008000c84                main
 .text.SystemClock_Config
                0x0000000008000dc0       0x8a ./Core/Src/main.o
                0x0000000008000dc0                SystemClock_Config
 .text.Error_Handler
                0x0000000008000e4a        0xa ./Core/Src/main.o
                0x0000000008000e4a                Error_Handler
 .text.HAL_MspInit
                0x0000000008000e54       0x64 ./Core/Src/stm32f1xx_hal_msp.o
                0x0000000008000e54                HAL_MspInit
 .text.NMI_Handler
                0x0000000008000eb8        0x6 ./Core/Src/stm32f1xx_it.o
                0x0000000008000eb8                NMI_Handler
 .text.HardFault_Handler
                0x0000000008000ebe        0x6 ./Core/Src/stm32f1xx_it.o
                0x0000000008000ebe                HardFault_Handler
 .text.MemManage_Handler
                0x0000000008000ec4        0x6 ./Core/Src/stm32f1xx_it.o
                0x0000000008000ec4                MemManage_Handler
 .text.BusFault_Handler
                0x0000000008000eca        0x6 ./Core/Src/stm32f1xx_it.o
                0x0000000008000eca                BusFault_Handler
 .text.UsageFault_Handler
                0x0000000008000ed0        0x6 ./Core/Src/stm32f1xx_it.o
                0x0000000008000ed0                UsageFault_Handler
 .text.SVC_Handler
                0x0000000008000ed6        0xc ./Core/Src/stm32f1xx_it.o
                0x0000000008000ed6                SVC_Handler
 .text.DebugMon_Handler
                0x0000000008000ee2        0xc ./Core/Src/stm32f1xx_it.o
                0x0000000008000ee2                DebugMon_Handler
 .text.PendSV_Handler
                0x0000000008000eee        0xc ./Core/Src/stm32f1xx_it.o
                0x0000000008000eee                PendSV_Handler
 .text.SysTick_Handler
                0x0000000008000efa        0xc ./Core/Src/stm32f1xx_it.o
                0x0000000008000efa                SysTick_Handler
 .text.SystemInit
                0x0000000008000f06        0xc ./Core/Src/system_stm32f1xx.o
                0x0000000008000f06                SystemInit
 *fill*         0x0000000008000f12        0x2 
 .text.MX_TIM2_Init
                0x0000000008000f14       0xec ./Core/Src/tim.o
                0x0000000008000f14                MX_TIM2_Init
 .text.HAL_TIM_Base_MspInit
                0x0000000008001000       0x38 ./Core/Src/tim.o
                0x0000000008001000                HAL_TIM_Base_MspInit
 .text.HAL_TIM_MspPostInit
                0x0000000008001038       0x60 ./Core/Src/tim.o
                0x0000000008001038                HAL_TIM_MspPostInit
 .text.Reset_Handler
                0x0000000008001098       0x48 ./Core/Startup/startup_stm32f103zetx.o
                0x0000000008001098                Reset_Handler
 .text.Default_Handler
                0x00000000080010e0        0x2 ./Core/Startup/startup_stm32f103zetx.o
                0x00000000080010e0                RTC_Alarm_IRQHandler
                0x00000000080010e0                EXTI2_IRQHandler
                0x00000000080010e0                TIM8_TRG_COM_IRQHandler
                0x00000000080010e0                TIM8_CC_IRQHandler
                0x00000000080010e0                TIM1_CC_IRQHandler
                0x00000000080010e0                TIM6_IRQHandler
                0x00000000080010e0                PVD_IRQHandler
                0x00000000080010e0                SDIO_IRQHandler
                0x00000000080010e0                EXTI3_IRQHandler
                0x00000000080010e0                EXTI0_IRQHandler
                0x00000000080010e0                I2C2_EV_IRQHandler
                0x00000000080010e0                ADC1_2_IRQHandler
                0x00000000080010e0                SPI1_IRQHandler
                0x00000000080010e0                TAMPER_IRQHandler
                0x00000000080010e0                TIM8_UP_IRQHandler
                0x00000000080010e0                DMA2_Channel2_IRQHandler
                0x00000000080010e0                DMA1_Channel4_IRQHandler
                0x00000000080010e0                USART3_IRQHandler
                0x00000000080010e0                RTC_IRQHandler
                0x00000000080010e0                DMA1_Channel7_IRQHandler
                0x00000000080010e0                CAN1_RX1_IRQHandler
                0x00000000080010e0                UART5_IRQHandler
                0x00000000080010e0                ADC3_IRQHandler
                0x00000000080010e0                TIM4_IRQHandler
                0x00000000080010e0                DMA2_Channel1_IRQHandler
                0x00000000080010e0                I2C1_EV_IRQHandler
                0x00000000080010e0                DMA1_Channel6_IRQHandler
                0x00000000080010e0                UART4_IRQHandler
                0x00000000080010e0                TIM3_IRQHandler
                0x00000000080010e0                RCC_IRQHandler
                0x00000000080010e0                TIM1_TRG_COM_IRQHandler
                0x00000000080010e0                DMA1_Channel1_IRQHandler
                0x00000000080010e0                Default_Handler
                0x00000000080010e0                EXTI15_10_IRQHandler
                0x00000000080010e0                TIM7_IRQHandler
                0x00000000080010e0                TIM5_IRQHandler
                0x00000000080010e0                EXTI9_5_IRQHandler
                0x00000000080010e0                SPI2_IRQHandler
                0x00000000080010e0                DMA1_Channel5_IRQHandler
                0x00000000080010e0                EXTI4_IRQHandler
                0x00000000080010e0                USB_LP_CAN1_RX0_IRQHandler
                0x00000000080010e0                USB_HP_CAN1_TX_IRQHandler
                0x00000000080010e0                DMA1_Channel3_IRQHandler
                0x00000000080010e0                FSMC_IRQHandler
                0x00000000080010e0                TIM1_UP_IRQHandler
                0x00000000080010e0                WWDG_IRQHandler
                0x00000000080010e0                TIM2_IRQHandler
                0x00000000080010e0                TIM1_BRK_IRQHandler
                0x00000000080010e0                EXTI1_IRQHandler
                0x00000000080010e0                DMA2_Channel4_5_IRQHandler
                0x00000000080010e0                USART2_IRQHandler
                0x00000000080010e0                I2C2_ER_IRQHandler
                0x00000000080010e0                DMA1_Channel2_IRQHandler
                0x00000000080010e0                TIM8_BRK_IRQHandler
                0x00000000080010e0                CAN1_SCE_IRQHandler
                0x00000000080010e0                FLASH_IRQHandler
                0x00000000080010e0                USART1_IRQHandler
                0x00000000080010e0                SPI3_IRQHandler
                0x00000000080010e0                I2C1_ER_IRQHandler
                0x00000000080010e0                USBWakeUp_IRQHandler
                0x00000000080010e0                DMA2_Channel3_IRQHandler
 *fill*         0x00000000080010e2        0x2 
 .text.HAL_Init
                0x00000000080010e4       0x2c ./Drivers/STM32F1xx_HAL_Driver/Src/stm32f1xx_hal.o
                0x00000000080010e4                HAL_Init
 .text.HAL_InitTick
                0x0000000008001110       0x60 ./Drivers/STM32F1xx_HAL_Driver/Src/stm32f1xx_hal.o
                0x0000000008001110                HAL_InitTick
 .text.HAL_IncTick
                0x0000000008001170       0x24 ./Drivers/STM32F1xx_HAL_Driver/Src/stm32f1xx_hal.o
                0x0000000008001170                HAL_IncTick
 .text.HAL_GetTick
                0x0000000008001194       0x14 ./Drivers/STM32F1xx_HAL_Driver/Src/stm32f1xx_hal.o
                0x0000000008001194                HAL_GetTick
 .text.HAL_Delay
                0x00000000080011a8       0x48 ./Drivers/STM32F1xx_HAL_Driver/Src/stm32f1xx_hal.o
                0x00000000080011a8                HAL_Delay
 .text.__NVIC_SetPriorityGrouping
                0x00000000080011f0       0x48 ./Drivers/STM32F1xx_HAL_Driver/Src/stm32f1xx_hal_cortex.o
 .text.__NVIC_GetPriorityGrouping
                0x0000000008001238       0x1c ./Drivers/STM32F1xx_HAL_Driver/Src/stm32f1xx_hal_cortex.o
 .text.__NVIC_SetPriority
                0x0000000008001254       0x54 ./Drivers/STM32F1xx_HAL_Driver/Src/stm32f1xx_hal_cortex.o
 .text.NVIC_EncodePriority
                0x00000000080012a8       0x64 ./Drivers/STM32F1xx_HAL_Driver/Src/stm32f1xx_hal_cortex.o
 .text.SysTick_Config
                0x000000000800130c       0x44 ./Drivers/STM32F1xx_HAL_Driver/Src/stm32f1xx_hal_cortex.o
 .text.HAL_NVIC_SetPriorityGrouping
                0x0000000008001350       0x16 ./Drivers/STM32F1xx_HAL_Driver/Src/stm32f1xx_hal_cortex.o
                0x0000000008001350                HAL_NVIC_SetPriorityGrouping
 .text.HAL_NVIC_SetPriority
                0x0000000008001366       0x38 ./Drivers/STM32F1xx_HAL_Driver/Src/stm32f1xx_hal_cortex.o
                0x0000000008001366                HAL_NVIC_SetPriority
 .text.HAL_SYSTICK_Config
                0x000000000800139e       0x18 ./Drivers/STM32F1xx_HAL_Driver/Src/stm32f1xx_hal_cortex.o
                0x000000000800139e                HAL_SYSTICK_Config
 *fill*         0x00000000080013b6        0x2 
 .text.HAL_GPIO_Init
                0x00000000080013b8      0x328 ./Drivers/STM32F1xx_HAL_Driver/Src/stm32f1xx_hal_gpio.o
                0x00000000080013b8                HAL_GPIO_Init
 .text.HAL_I2C_Init
                0x00000000080016e0      0x288 ./Drivers/STM32F1xx_HAL_Driver/Src/stm32f1xx_hal_i2c.o
                0x00000000080016e0                HAL_I2C_Init
 .text.HAL_I2C_Master_Transmit
                0x0000000008001968      0x1fc ./Drivers/STM32F1xx_HAL_Driver/Src/stm32f1xx_hal_i2c.o
                0x0000000008001968                HAL_I2C_Master_Transmit
 .text.I2C_MasterRequestWrite
                0x0000000008001b64      0x104 ./Drivers/STM32F1xx_HAL_Driver/Src/stm32f1xx_hal_i2c.o
 .text.I2C_WaitOnFlagUntilTimeout
                0x0000000008001c68       0xf4 ./Drivers/STM32F1xx_HAL_Driver/Src/stm32f1xx_hal_i2c.o
 .text.I2C_WaitOnMasterAddressFlagUntilTimeout
                0x0000000008001d5c      0x140 ./Drivers/STM32F1xx_HAL_Driver/Src/stm32f1xx_hal_i2c.o
 .text.I2C_WaitOnTXEFlagUntilTimeout
                0x0000000008001e9c       0x90 ./Drivers/STM32F1xx_HAL_Driver/Src/stm32f1xx_hal_i2c.o
 .text.I2C_WaitOnBTFFlagUntilTimeout
                0x0000000008001f2c       0x90 ./Drivers/STM32F1xx_HAL_Driver/Src/stm32f1xx_hal_i2c.o
 .text.I2C_IsAcknowledgeFailed
                0x0000000008001fbc       0x5c ./Drivers/STM32F1xx_HAL_Driver/Src/stm32f1xx_hal_i2c.o
 .text.HAL_RCC_OscConfig
                0x0000000008002018      0x504 ./Drivers/STM32F1xx_HAL_Driver/Src/stm32f1xx_hal_rcc.o
                0x0000000008002018                HAL_RCC_OscConfig
 .text.HAL_RCC_ClockConfig
                0x000000000800251c      0x1d4 ./Drivers/STM32F1xx_HAL_Driver/Src/stm32f1xx_hal_rcc.o
                0x000000000800251c                HAL_RCC_ClockConfig
 .text.HAL_RCC_GetSysClockFreq
                0x00000000080026f0       0xa8 ./Drivers/STM32F1xx_HAL_Driver/Src/stm32f1xx_hal_rcc.o
                0x00000000080026f0                HAL_RCC_GetSysClockFreq
 .text.HAL_RCC_GetHCLKFreq
                0x0000000008002798       0x14 ./Drivers/STM32F1xx_HAL_Driver/Src/stm32f1xx_hal_rcc.o
                0x0000000008002798                HAL_RCC_GetHCLKFreq
 .text.HAL_RCC_GetPCLK1Freq
                0x00000000080027ac       0x28 ./Drivers/STM32F1xx_HAL_Driver/Src/stm32f1xx_hal_rcc.o
                0x00000000080027ac                HAL_RCC_GetPCLK1Freq
 .text.RCC_Delay
                0x00000000080027d4       0x3c ./Drivers/STM32F1xx_HAL_Driver/Src/stm32f1xx_hal_rcc.o
 .text.HAL_TIM_Base_Init
                0x0000000008002810       0x9e ./Drivers/STM32F1xx_HAL_Driver/Src/stm32f1xx_hal_tim.o
                0x0000000008002810                HAL_TIM_Base_Init
 .text.HAL_TIM_PWM_Init
                0x00000000080028ae       0x9e ./Drivers/STM32F1xx_HAL_Driver/Src/stm32f1xx_hal_tim.o
                0x00000000080028ae                HAL_TIM_PWM_Init
 .text.HAL_TIM_PWM_MspInit
                0x000000000800294c       0x12 ./Drivers/STM32F1xx_HAL_Driver/Src/stm32f1xx_hal_tim.o
                0x000000000800294c                HAL_TIM_PWM_MspInit
 *fill*         0x000000000800295e        0x2 
 .text.HAL_TIM_PWM_Start
                0x0000000008002960      0x174 ./Drivers/STM32F1xx_HAL_Driver/Src/stm32f1xx_hal_tim.o
                0x0000000008002960                HAL_TIM_PWM_Start
 .text.HAL_TIM_PWM_ConfigChannel
                0x0000000008002ad4      0x184 ./Drivers/STM32F1xx_HAL_Driver/Src/stm32f1xx_hal_tim.o
                0x0000000008002ad4                HAL_TIM_PWM_ConfigChannel
 .text.HAL_TIM_ConfigClockSource
                0x0000000008002c58      0x18e ./Drivers/STM32F1xx_HAL_Driver/Src/stm32f1xx_hal_tim.o
                0x0000000008002c58                HAL_TIM_ConfigClockSource
 *fill*         0x0000000008002de6        0x2 
 .text.TIM_Base_SetConfig
                0x0000000008002de8      0x10c ./Drivers/STM32F1xx_HAL_Driver/Src/stm32f1xx_hal_tim.o
                0x0000000008002de8                TIM_Base_SetConfig
 .text.TIM_OC1_SetConfig
                0x0000000008002ef4       0xe0 ./Drivers/STM32F1xx_HAL_Driver/Src/stm32f1xx_hal_tim.o
 .text.TIM_OC2_SetConfig
                0x0000000008002fd4       0xe8 ./Drivers/STM32F1xx_HAL_Driver/Src/stm32f1xx_hal_tim.o
                0x0000000008002fd4                TIM_OC2_SetConfig
 .text.TIM_OC3_SetConfig
                0x00000000080030bc       0xe8 ./Drivers/STM32F1xx_HAL_Driver/Src/stm32f1xx_hal_tim.o
 .text.TIM_OC4_SetConfig
                0x00000000080031a4       0xa8 ./Drivers/STM32F1xx_HAL_Driver/Src/stm32f1xx_hal_tim.o
 .text.TIM_TI1_ConfigInputStage
                0x000000000800324c       0x5c ./Drivers/STM32F1xx_HAL_Driver/Src/stm32f1xx_hal_tim.o
 .text.TIM_TI2_ConfigInputStage
                0x00000000080032a8       0x5e ./Drivers/STM32F1xx_HAL_Driver/Src/stm32f1xx_hal_tim.o
 .text.TIM_ITRx_SetConfig
                0x0000000008003306       0x34 ./Drivers/STM32F1xx_HAL_Driver/Src/stm32f1xx_hal_tim.o
 .text.TIM_ETR_SetConfig
                0x000000000800333a       0x3e ./Drivers/STM32F1xx_HAL_Driver/Src/stm32f1xx_hal_tim.o
                0x000000000800333a                TIM_ETR_SetConfig
 .text.TIM_CCxChannelCmd
                0x0000000008003378       0x48 ./Drivers/STM32F1xx_HAL_Driver/Src/stm32f1xx_hal_tim.o
                0x0000000008003378                TIM_CCxChannelCmd
 .text.HAL_TIMEx_MasterConfigSynchronization
                0x00000000080033c0       0xd8 ./Drivers/STM32F1xx_HAL_Driver/Src/stm32f1xx_hal_tim_ex.o
                0x00000000080033c0                HAL_TIMEx_MasterConfigSynchronization
 .text.memset   0x0000000008003498       0x10 D:/ST/STM32CubeIDE_1.13.2/STM32CubeIDE/plugins/com.st.stm32cube.ide.mcu.externaltools.gnu-tools-for-stm32.11.3.rel1.win32_1.1.1.202309131626/tools/bin/../lib/gcc/arm-none-eabi/11.3.1/../../../../arm-none-eabi/lib/thumb/v7-m/nofp\libc_nano.a(libc_a-memset.o)
                0x0000000008003498                memset
 .text.__libc_init_array
                0x00000000080034a8       0x48 D:/ST/STM32CubeIDE_1.13.2/STM32CubeIDE/plugins/com.st.stm32cube.ide.mcu.externaltools.gnu-tools-for-stm32.11.3.rel1.win32_1.1.1.202309131626/tools/bin/../lib/gcc/arm-none-eabi/11.3.1/../../../../arm-none-eabi/lib/thumb/v7-m/nofp\libc_nano.a(libc_a-init.o)
                0x00000000080034a8                __libc_init_array
 *(.glue_7)
 .glue_7        0x00000000080034f0        0x0 linker stubs
 *(.glue_7t)
 .glue_7t       0x00000000080034f0        0x0 linker stubs
 *(.eh_frame)
 .eh_frame      0x00000000080034f0        0x0 D:/ST/STM32CubeIDE_1.13.2/STM32CubeIDE/plugins/com.st.stm32cube.ide.mcu.externaltools.gnu-tools-for-stm32.11.3.rel1.win32_1.1.1.202309131626/tools/bin/../lib/gcc/arm-none-eabi/11.3.1/thumb/v7-m/nofp/crtbegin.o
 *(.init)
 .init          0x00000000080034f0        0x4 D:/ST/STM32CubeIDE_1.13.2/STM32CubeIDE/plugins/com.st.stm32cube.ide.mcu.externaltools.gnu-tools-for-stm32.11.3.rel1.win32_1.1.1.202309131626/tools/bin/../lib/gcc/arm-none-eabi/11.3.1/thumb/v7-m/nofp/crti.o
                0x00000000080034f0                _init
 .init          0x00000000080034f4        0x8 D:/ST/STM32CubeIDE_1.13.2/STM32CubeIDE/plugins/com.st.stm32cube.ide.mcu.externaltools.gnu-tools-for-stm32.11.3.rel1.win32_1.1.1.202309131626/tools/bin/../lib/gcc/arm-none-eabi/11.3.1/thumb/v7-m/nofp/crtn.o
 *(.fini)
 .fini          0x00000000080034fc        0x4 D:/ST/STM32CubeIDE_1.13.2/STM32CubeIDE/plugins/com.st.stm32cube.ide.mcu.externaltools.gnu-tools-for-stm32.11.3.rel1.win32_1.1.1.202309131626/tools/bin/../lib/gcc/arm-none-eabi/11.3.1/thumb/v7-m/nofp/crti.o
                0x00000000080034fc                _fini
 .fini          0x0000000008003500        0x8 D:/ST/STM32CubeIDE_1.13.2/STM32CubeIDE/plugins/com.st.stm32cube.ide.mcu.externaltools.gnu-tools-for-stm32.11.3.rel1.win32_1.1.1.202309131626/tools/bin/../lib/gcc/arm-none-eabi/11.3.1/thumb/v7-m/nofp/crtn.o
                0x0000000008003508                . = ALIGN (0x4)
                0x0000000008003508                _etext = .

.vfp11_veneer   0x0000000008003508        0x0
 .vfp11_veneer  0x0000000008003508        0x0 linker stubs

.v4_bx          0x0000000008003508        0x0
 .v4_bx         0x0000000008003508        0x0 linker stubs

.iplt           0x0000000008003508        0x0
 .iplt          0x0000000008003508        0x0 D:/ST/STM32CubeIDE_1.13.2/STM32CubeIDE/plugins/com.st.stm32cube.ide.mcu.externaltools.gnu-tools-for-stm32.11.3.rel1.win32_1.1.1.202309131626/tools/bin/../lib/gcc/arm-none-eabi/11.3.1/thumb/v7-m/nofp/crtbegin.o

.rodata         0x0000000008003508      0x624
                0x0000000008003508                . = ALIGN (0x4)
 *(.rodata)
 .rodata        0x0000000008003508        0x7 ./Core/Src/main.o
 *(.rodata*)
 *fill*         0x000000000800350f        0x1 
 .rodata.OLED_F8x16
                0x0000000008003510      0x5f0 ./Core/Src/OLED.o
                0x0000000008003510                OLED_F8x16
 .rodata.AHBPrescTable
                0x0000000008003b00       0x10 ./Core/Src/system_stm32f1xx.o
                0x0000000008003b00                AHBPrescTable
 .rodata.APBPrescTable
                0x0000000008003b10        0x8 ./Core/Src/system_stm32f1xx.o
                0x0000000008003b10                APBPrescTable
 .rodata.aPLLMULFactorTable.1
                0x0000000008003b18       0x10 ./Drivers/STM32F1xx_HAL_Driver/Src/stm32f1xx_hal_rcc.o
 .rodata.aPredivFactorTable.0
                0x0000000008003b28        0x2 ./Drivers/STM32F1xx_HAL_Driver/Src/stm32f1xx_hal_rcc.o
                0x0000000008003b2c                . = ALIGN (0x4)
 *fill*         0x0000000008003b2a        0x2 

.rel.dyn        0x0000000008003b2c        0x0
 .rel.iplt      0x0000000008003b2c        0x0 D:/ST/STM32CubeIDE_1.13.2/STM32CubeIDE/plugins/com.st.stm32cube.ide.mcu.externaltools.gnu-tools-for-stm32.11.3.rel1.win32_1.1.1.202309131626/tools/bin/../lib/gcc/arm-none-eabi/11.3.1/thumb/v7-m/nofp/crtbegin.o

.ARM.extab      0x0000000008003b2c        0x0
                0x0000000008003b2c                . = ALIGN (0x4)
 *(.ARM.extab* .gnu.linkonce.armextab.*)
                0x0000000008003b2c                . = ALIGN (0x4)

.ARM            0x0000000008003b2c        0x0
                0x0000000008003b2c                . = ALIGN (0x4)
                0x0000000008003b2c                __exidx_start = .
 *(.ARM.exidx*)
                0x0000000008003b2c                __exidx_end = .
                0x0000000008003b2c                . = ALIGN (0x4)

.preinit_array  0x0000000008003b2c        0x0
                0x0000000008003b2c                . = ALIGN (0x4)
                0x0000000008003b2c                PROVIDE (__preinit_array_start = .)
 *(.preinit_array*)
                0x0000000008003b2c                PROVIDE (__preinit_array_end = .)
                0x0000000008003b2c                . = ALIGN (0x4)

.init_array     0x0000000008003b2c        0x4
                0x0000000008003b2c                . = ALIGN (0x4)
                0x0000000008003b2c                PROVIDE (__init_array_start = .)
 *(SORT_BY_NAME(.init_array.*))
 *(.init_array*)
 .init_array    0x0000000008003b2c        0x4 D:/ST/STM32CubeIDE_1.13.2/STM32CubeIDE/plugins/com.st.stm32cube.ide.mcu.externaltools.gnu-tools-for-stm32.11.3.rel1.win32_1.1.1.202309131626/tools/bin/../lib/gcc/arm-none-eabi/11.3.1/thumb/v7-m/nofp/crtbegin.o
                0x0000000008003b30                PROVIDE (__init_array_end = .)
                0x0000000008003b30                . = ALIGN (0x4)

.fini_array     0x0000000008003b30        0x4
                0x0000000008003b30                . = ALIGN (0x4)
                [!provide]                        PROVIDE (__fini_array_start = .)
 *(SORT_BY_NAME(.fini_array.*))
 *(.fini_array*)
 .fini_array    0x0000000008003b30        0x4 D:/ST/STM32CubeIDE_1.13.2/STM32CubeIDE/plugins/com.st.stm32cube.ide.mcu.externaltools.gnu-tools-for-stm32.11.3.rel1.win32_1.1.1.202309131626/tools/bin/../lib/gcc/arm-none-eabi/11.3.1/thumb/v7-m/nofp/crtbegin.o
                [!provide]                        PROVIDE (__fini_array_end = .)
                0x0000000008003b34                . = ALIGN (0x4)
                0x0000000008003b34                _sidata = LOADADDR (.data)

.data           0x0000000020000000        0xc load address 0x0000000008003b34
                0x0000000020000000                . = ALIGN (0x4)
                0x0000000020000000                _sdata = .
 *(.data)
 *(.data*)
 .data.SystemCoreClock
                0x0000000020000000        0x4 ./Core/Src/system_stm32f1xx.o
                0x0000000020000000                SystemCoreClock
 .data.uwTickPrio
                0x0000000020000004        0x4 ./Drivers/STM32F1xx_HAL_Driver/Src/stm32f1xx_hal.o
                0x0000000020000004                uwTickPrio
 .data.uwTickFreq
                0x0000000020000008        0x1 ./Drivers/STM32F1xx_HAL_Driver/Src/stm32f1xx_hal.o
                0x0000000020000008                uwTickFreq
 *(.RamFunc)
 *(.RamFunc*)
                0x000000002000000c                . = ALIGN (0x4)
 *fill*         0x0000000020000009        0x3 
                0x000000002000000c                _edata = .

.igot.plt       0x000000002000000c        0x0 load address 0x0000000008003b40
 .igot.plt      0x000000002000000c        0x0 D:/ST/STM32CubeIDE_1.13.2/STM32CubeIDE/plugins/com.st.stm32cube.ide.mcu.externaltools.gnu-tools-for-stm32.11.3.rel1.win32_1.1.1.202309131626/tools/bin/../lib/gcc/arm-none-eabi/11.3.1/thumb/v7-m/nofp/crtbegin.o
                0x000000002000000c                . = ALIGN (0x4)

.bss            0x000000002000000c       0xc0 load address 0x0000000008003b40
                0x000000002000000c                _sbss = .
                0x000000002000000c                __bss_start__ = _sbss
 *(.bss)
 .bss           0x000000002000000c       0x1c D:/ST/STM32CubeIDE_1.13.2/STM32CubeIDE/plugins/com.st.stm32cube.ide.mcu.externaltools.gnu-tools-for-stm32.11.3.rel1.win32_1.1.1.202309131626/tools/bin/../lib/gcc/arm-none-eabi/11.3.1/thumb/v7-m/nofp/crtbegin.o
 *(.bss*)
 .bss.hi2c1     0x0000000020000028       0x54 ./Core/Src/i2c.o
                0x0000000020000028                hi2c1
 .bss.angle     0x000000002000007c        0x4 ./Core/Src/main.o
                0x000000002000007c                angle
 .bss.htim2     0x0000000020000080       0x48 ./Core/Src/tim.o
                0x0000000020000080                htim2
 .bss.uwTick    0x00000000200000c8        0x4 ./Drivers/STM32F1xx_HAL_Driver/Src/stm32f1xx_hal.o
                0x00000000200000c8                uwTick
 *(COMMON)
                0x00000000200000cc                . = ALIGN (0x4)
                0x00000000200000cc                _ebss = .
                0x00000000200000cc                __bss_end__ = _ebss

._user_heap_stack
                0x00000000200000cc      0x604 load address 0x0000000008003b40
                0x00000000200000d0                . = ALIGN (0x8)
 *fill*         0x00000000200000cc        0x4 
                [!provide]                        PROVIDE (end = .)
                0x00000000200000d0                PROVIDE (_end = .)
                0x00000000200002d0                . = (. + _Min_Heap_Size)
 *fill*         0x00000000200000d0      0x200 
                0x00000000200006d0                . = (. + _Min_Stack_Size)
 *fill*         0x00000000200002d0      0x400 
                0x00000000200006d0                . = ALIGN (0x8)

/DISCARD/
 libc.a(*)
 libm.a(*)
 libgcc.a(*)

.ARM.attributes
                0x0000000000000000       0x29
 *(.ARM.attributes)
 .ARM.attributes
                0x0000000000000000       0x1d D:/ST/STM32CubeIDE_1.13.2/STM32CubeIDE/plugins/com.st.stm32cube.ide.mcu.externaltools.gnu-tools-for-stm32.11.3.rel1.win32_1.1.1.202309131626/tools/bin/../lib/gcc/arm-none-eabi/11.3.1/thumb/v7-m/nofp/crti.o
 .ARM.attributes
                0x000000000000001d       0x2d D:/ST/STM32CubeIDE_1.13.2/STM32CubeIDE/plugins/com.st.stm32cube.ide.mcu.externaltools.gnu-tools-for-stm32.11.3.rel1.win32_1.1.1.202309131626/tools/bin/../lib/gcc/arm-none-eabi/11.3.1/thumb/v7-m/nofp/crtbegin.o
 .ARM.attributes
                0x000000000000004a       0x2d ./Core/Src/OLED.o
 .ARM.attributes
                0x0000000000000077       0x2d ./Core/Src/gpio.o
 .ARM.attributes
                0x00000000000000a4       0x2d ./Core/Src/i2c.o
 .ARM.attributes
                0x00000000000000d1       0x2d ./Core/Src/main.o
 .ARM.attributes
                0x00000000000000fe       0x2d ./Core/Src/stm32f1xx_hal_msp.o
 .ARM.attributes
                0x000000000000012b       0x2d ./Core/Src/stm32f1xx_it.o
 .ARM.attributes
                0x0000000000000158       0x2d ./Core/Src/system_stm32f1xx.o
 .ARM.attributes
                0x0000000000000185       0x2d ./Core/Src/tim.o
 .ARM.attributes
                0x00000000000001b2       0x21 ./Core/Startup/startup_stm32f103zetx.o
 .ARM.attributes
                0x00000000000001d3       0x2d ./Drivers/STM32F1xx_HAL_Driver/Src/stm32f1xx_hal.o
 .ARM.attributes
                0x0000000000000200       0x2d ./Drivers/STM32F1xx_HAL_Driver/Src/stm32f1xx_hal_cortex.o
 .ARM.attributes
                0x000000000000022d       0x2d ./Drivers/STM32F1xx_HAL_Driver/Src/stm32f1xx_hal_gpio.o
 .ARM.attributes
                0x000000000000025a       0x2d ./Drivers/STM32F1xx_HAL_Driver/Src/stm32f1xx_hal_i2c.o
 .ARM.attributes
                0x0000000000000287       0x2d ./Drivers/STM32F1xx_HAL_Driver/Src/stm32f1xx_hal_rcc.o
 .ARM.attributes
                0x00000000000002b4       0x2d ./Drivers/STM32F1xx_HAL_Driver/Src/stm32f1xx_hal_tim.o
 .ARM.attributes
                0x00000000000002e1       0x2d ./Drivers/STM32F1xx_HAL_Driver/Src/stm32f1xx_hal_tim_ex.o
 .ARM.attributes
                0x000000000000030e       0x2d D:/ST/STM32CubeIDE_1.13.2/STM32CubeIDE/plugins/com.st.stm32cube.ide.mcu.externaltools.gnu-tools-for-stm32.11.3.rel1.win32_1.1.1.202309131626/tools/bin/../lib/gcc/arm-none-eabi/11.3.1/../../../../arm-none-eabi/lib/thumb/v7-m/nofp\libc_nano.a(libc_a-memset.o)
 .ARM.attributes
                0x000000000000033b       0x2d D:/ST/STM32CubeIDE_1.13.2/STM32CubeIDE/plugins/com.st.stm32cube.ide.mcu.externaltools.gnu-tools-for-stm32.11.3.rel1.win32_1.1.1.202309131626/tools/bin/../lib/gcc/arm-none-eabi/11.3.1/../../../../arm-none-eabi/lib/thumb/v7-m/nofp\libc_nano.a(libc_a-init.o)
 .ARM.attributes
                0x0000000000000368       0x1d D:/ST/STM32CubeIDE_1.13.2/STM32CubeIDE/plugins/com.st.stm32cube.ide.mcu.externaltools.gnu-tools-for-stm32.11.3.rel1.win32_1.1.1.202309131626/tools/bin/../lib/gcc/arm-none-eabi/11.3.1/thumb/v7-m/nofp\libgcc.a(_arm_addsubsf3.o)
 .ARM.attributes
                0x0000000000000385       0x1d D:/ST/STM32CubeIDE_1.13.2/STM32CubeIDE/plugins/com.st.stm32cube.ide.mcu.externaltools.gnu-tools-for-stm32.11.3.rel1.win32_1.1.1.202309131626/tools/bin/../lib/gcc/arm-none-eabi/11.3.1/thumb/v7-m/nofp\libgcc.a(_arm_muldivsf3.o)
 .ARM.attributes
                0x00000000000003a2       0x1d D:/ST/STM32CubeIDE_1.13.2/STM32CubeIDE/plugins/com.st.stm32cube.ide.mcu.externaltools.gnu-tools-for-stm32.11.3.rel1.win32_1.1.1.202309131626/tools/bin/../lib/gcc/arm-none-eabi/11.3.1/thumb/v7-m/nofp\libgcc.a(_arm_cmpsf2.o)
 .ARM.attributes
                0x00000000000003bf       0x1d D:/ST/STM32CubeIDE_1.13.2/STM32CubeIDE/plugins/com.st.stm32cube.ide.mcu.externaltools.gnu-tools-for-stm32.11.3.rel1.win32_1.1.1.202309131626/tools/bin/../lib/gcc/arm-none-eabi/11.3.1/thumb/v7-m/nofp\libgcc.a(_arm_fixunssfsi.o)
 .ARM.attributes
                0x00000000000003dc       0x1d D:/ST/STM32CubeIDE_1.13.2/STM32CubeIDE/plugins/com.st.stm32cube.ide.mcu.externaltools.gnu-tools-for-stm32.11.3.rel1.win32_1.1.1.202309131626/tools/bin/../lib/gcc/arm-none-eabi/11.3.1/thumb/v7-m/nofp/crtn.o
OUTPUT(4.3_TIMER_PWM_Servo.elf elf32-littlearm)
LOAD linker stubs
LOAD D:/ST/STM32CubeIDE_1.13.2/STM32CubeIDE/plugins/com.st.stm32cube.ide.mcu.externaltools.gnu-tools-for-stm32.11.3.rel1.win32_1.1.1.202309131626/tools/bin/../lib/gcc/arm-none-eabi/11.3.1/../../../../arm-none-eabi/lib/thumb/v7-m/nofp\libc.a
LOAD D:/ST/STM32CubeIDE_1.13.2/STM32CubeIDE/plugins/com.st.stm32cube.ide.mcu.externaltools.gnu-tools-for-stm32.11.3.rel1.win32_1.1.1.202309131626/tools/bin/../lib/gcc/arm-none-eabi/11.3.1/../../../../arm-none-eabi/lib/thumb/v7-m/nofp\libm.a
LOAD D:/ST/STM32CubeIDE_1.13.2/STM32CubeIDE/plugins/com.st.stm32cube.ide.mcu.externaltools.gnu-tools-for-stm32.11.3.rel1.win32_1.1.1.202309131626/tools/bin/../lib/gcc/arm-none-eabi/11.3.1/thumb/v7-m/nofp\libgcc.a

.comment        0x0000000000000000       0x43
 .comment       0x0000000000000000       0x43 D:/ST/STM32CubeIDE_1.13.2/STM32CubeIDE/plugins/com.st.stm32cube.ide.mcu.externaltools.gnu-tools-for-stm32.11.3.rel1.win32_1.1.1.202309131626/tools/bin/../lib/gcc/arm-none-eabi/11.3.1/thumb/v7-m/nofp/crtbegin.o
                                         0x44 (size before relaxing)
 .comment       0x0000000000000043       0x44 ./Core/Src/OLED.o
 .comment       0x0000000000000043       0x44 ./Core/Src/gpio.o
 .comment       0x0000000000000043       0x44 ./Core/Src/i2c.o
 .comment       0x0000000000000043       0x44 ./Core/Src/main.o
 .comment       0x0000000000000043       0x44 ./Core/Src/stm32f1xx_hal_msp.o
 .comment       0x0000000000000043       0x44 ./Core/Src/stm32f1xx_it.o
 .comment       0x0000000000000043       0x44 ./Core/Src/system_stm32f1xx.o
 .comment       0x0000000000000043       0x44 ./Core/Src/tim.o
 .comment       0x0000000000000043       0x44 ./Drivers/STM32F1xx_HAL_Driver/Src/stm32f1xx_hal.o
 .comment       0x0000000000000043       0x44 ./Drivers/STM32F1xx_HAL_Driver/Src/stm32f1xx_hal_cortex.o
 .comment       0x0000000000000043       0x44 ./Drivers/STM32F1xx_HAL_Driver/Src/stm32f1xx_hal_gpio.o
 .comment       0x0000000000000043       0x44 ./Drivers/STM32F1xx_HAL_Driver/Src/stm32f1xx_hal_i2c.o
 .comment       0x0000000000000043       0x44 ./Drivers/STM32F1xx_HAL_Driver/Src/stm32f1xx_hal_rcc.o
 .comment       0x0000000000000043       0x44 ./Drivers/STM32F1xx_HAL_Driver/Src/stm32f1xx_hal_tim.o
 .comment       0x0000000000000043       0x44 ./Drivers/STM32F1xx_HAL_Driver/Src/stm32f1xx_hal_tim_ex.o

.debug_info     0x0000000000000000     0xadc6
 .debug_info    0x0000000000000000      0x97b ./Core/Src/OLED.o
 .debug_info    0x000000000000097b      0x169 ./Core/Src/gpio.o
 .debug_info    0x0000000000000ae4      0x7e3 ./Core/Src/i2c.o
 .debug_info    0x00000000000012c7      0x8a5 ./Core/Src/main.o
 .debug_info    0x0000000000001b6c      0x1f1 ./Core/Src/stm32f1xx_hal_msp.o
 .debug_info    0x0000000000001d5d      0x113 ./Core/Src/stm32f1xx_it.o
 .debug_info    0x0000000000001e70      0x222 ./Core/Src/system_stm32f1xx.o
 .debug_info    0x0000000000002092      0xa22 ./Core/Src/tim.o
 .debug_info    0x0000000000002ab4       0x23 ./Core/Startup/startup_stm32f103zetx.o
 .debug_info    0x0000000000002ad7      0x76a ./Drivers/STM32F1xx_HAL_Driver/Src/stm32f1xx_hal.o
 .debug_info    0x0000000000003241      0xaed ./Drivers/STM32F1xx_HAL_Driver/Src/stm32f1xx_hal_cortex.o
 .debug_info    0x0000000000003d2e      0x5ab ./Drivers/STM32F1xx_HAL_Driver/Src/stm32f1xx_hal_gpio.o
 .debug_info    0x00000000000042d9     0x2524 ./Drivers/STM32F1xx_HAL_Driver/Src/stm32f1xx_hal_i2c.o
 .debug_info    0x00000000000067fd      0x7d5 ./Drivers/STM32F1xx_HAL_Driver/Src/stm32f1xx_hal_rcc.o
 .debug_info    0x0000000000006fd2     0x2959 ./Drivers/STM32F1xx_HAL_Driver/Src/stm32f1xx_hal_tim.o
 .debug_info    0x000000000000992b     0x149b ./Drivers/STM32F1xx_HAL_Driver/Src/stm32f1xx_hal_tim_ex.o

.debug_abbrev   0x0000000000000000     0x1cbc
 .debug_abbrev  0x0000000000000000      0x1ed ./Core/Src/OLED.o
 .debug_abbrev  0x00000000000001ed       0xc6 ./Core/Src/gpio.o
 .debug_abbrev  0x00000000000002b3      0x1de ./Core/Src/i2c.o
 .debug_abbrev  0x0000000000000491      0x24a ./Core/Src/main.o
 .debug_abbrev  0x00000000000006db       0xdb ./Core/Src/stm32f1xx_hal_msp.o
 .debug_abbrev  0x00000000000007b6       0x73 ./Core/Src/stm32f1xx_it.o
 .debug_abbrev  0x0000000000000829      0x13f ./Core/Src/system_stm32f1xx.o
 .debug_abbrev  0x0000000000000968      0x230 ./Core/Src/tim.o
 .debug_abbrev  0x0000000000000b98       0x12 ./Core/Startup/startup_stm32f103zetx.o
 .debug_abbrev  0x0000000000000baa      0x201 ./Drivers/STM32F1xx_HAL_Driver/Src/stm32f1xx_hal.o
 .debug_abbrev  0x0000000000000dab      0x2f8 ./Drivers/STM32F1xx_HAL_Driver/Src/stm32f1xx_hal_cortex.o
 .debug_abbrev  0x00000000000010a3      0x1ca ./Drivers/STM32F1xx_HAL_Driver/Src/stm32f1xx_hal_gpio.o
 .debug_abbrev  0x000000000000126d      0x2a3 ./Drivers/STM32F1xx_HAL_Driver/Src/stm32f1xx_hal_i2c.o
 .debug_abbrev  0x0000000000001510      0x2b3 ./Drivers/STM32F1xx_HAL_Driver/Src/stm32f1xx_hal_rcc.o
 .debug_abbrev  0x00000000000017c3      0x277 ./Drivers/STM32F1xx_HAL_Driver/Src/stm32f1xx_hal_tim.o
 .debug_abbrev  0x0000000000001a3a      0x282 ./Drivers/STM32F1xx_HAL_Driver/Src/stm32f1xx_hal_tim_ex.o

.debug_aranges  0x0000000000000000      0xca8
 .debug_aranges
                0x0000000000000000       0x78 ./Core/Src/OLED.o
 .debug_aranges
                0x0000000000000078       0x20 ./Core/Src/gpio.o
 .debug_aranges
                0x0000000000000098       0x30 ./Core/Src/i2c.o
 .debug_aranges
                0x00000000000000c8       0x30 ./Core/Src/main.o
 .debug_aranges
                0x00000000000000f8       0x20 ./Core/Src/stm32f1xx_hal_msp.o
 .debug_aranges
                0x0000000000000118       0x60 ./Core/Src/stm32f1xx_it.o
 .debug_aranges
                0x0000000000000178       0x28 ./Core/Src/system_stm32f1xx.o
 .debug_aranges
                0x00000000000001a0       0x38 ./Core/Src/tim.o
 .debug_aranges
                0x00000000000001d8       0x28 ./Core/Startup/startup_stm32f103zetx.o
 .debug_aranges
                0x0000000000000200       0xe0 ./Drivers/STM32F1xx_HAL_Driver/Src/stm32f1xx_hal.o
 .debug_aranges
                0x00000000000002e0      0x100 ./Drivers/STM32F1xx_HAL_Driver/Src/stm32f1xx_hal_cortex.o
 .debug_aranges
                0x00000000000003e0       0x58 ./Drivers/STM32F1xx_HAL_Driver/Src/stm32f1xx_hal_gpio.o
 .debug_aranges
                0x0000000000000438      0x2a8 ./Drivers/STM32F1xx_HAL_Driver/Src/stm32f1xx_hal_i2c.o
 .debug_aranges
                0x00000000000006e0       0x90 ./Drivers/STM32F1xx_HAL_Driver/Src/stm32f1xx_hal_rcc.o
 .debug_aranges
                0x0000000000000770      0x3d0 ./Drivers/STM32F1xx_HAL_Driver/Src/stm32f1xx_hal_tim.o
 .debug_aranges
                0x0000000000000b40      0x168 ./Drivers/STM32F1xx_HAL_Driver/Src/stm32f1xx_hal_tim_ex.o

.debug_rnglists
                0x0000000000000000      0x9df
 .debug_rnglists
                0x0000000000000000       0x59 ./Core/Src/OLED.o
 .debug_rnglists
                0x0000000000000059       0x13 ./Core/Src/gpio.o
 .debug_rnglists
                0x000000000000006c       0x1f ./Core/Src/i2c.o
 .debug_rnglists
                0x000000000000008b       0x21 ./Core/Src/main.o
 .debug_rnglists
                0x00000000000000ac       0x13 ./Core/Src/stm32f1xx_hal_msp.o
 .debug_rnglists
                0x00000000000000bf       0x43 ./Core/Src/stm32f1xx_it.o
 .debug_rnglists
                0x0000000000000102       0x1a ./Core/Src/system_stm32f1xx.o
 .debug_rnglists
                0x000000000000011c       0x26 ./Core/Src/tim.o
 .debug_rnglists
                0x0000000000000142       0x19 ./Core/Startup/startup_stm32f103zetx.o
 .debug_rnglists
                0x000000000000015b       0xa3 ./Drivers/STM32F1xx_HAL_Driver/Src/stm32f1xx_hal.o
 .debug_rnglists
                0x00000000000001fe       0xbb ./Drivers/STM32F1xx_HAL_Driver/Src/stm32f1xx_hal_cortex.o
 .debug_rnglists
                0x00000000000002b9       0x3f ./Drivers/STM32F1xx_HAL_Driver/Src/stm32f1xx_hal_gpio.o
 .debug_rnglists
                0x00000000000002f8      0x23c ./Drivers/STM32F1xx_HAL_Driver/Src/stm32f1xx_hal_i2c.o
 .debug_rnglists
                0x0000000000000534       0x6c ./Drivers/STM32F1xx_HAL_Driver/Src/stm32f1xx_hal_rcc.o
 .debug_rnglists
                0x00000000000005a0      0x31a ./Drivers/STM32F1xx_HAL_Driver/Src/stm32f1xx_hal_tim.o
 .debug_rnglists
                0x00000000000008ba      0x125 ./Drivers/STM32F1xx_HAL_Driver/Src/stm32f1xx_hal_tim_ex.o

.debug_macro    0x0000000000000000    0x19195
 .debug_macro   0x0000000000000000      0x1cb ./Core/Src/OLED.o
 .debug_macro   0x00000000000001cb      0xa9c ./Core/Src/OLED.o
 .debug_macro   0x0000000000000c67      0x21b ./Core/Src/OLED.o
 .debug_macro   0x0000000000000e82       0x2e ./Core/Src/OLED.o
 .debug_macro   0x0000000000000eb0       0x22 ./Core/Src/OLED.o
 .debug_macro   0x0000000000000ed2       0x22 ./Core/Src/OLED.o
 .debug_macro   0x0000000000000ef4       0x8e ./Core/Src/OLED.o
 .debug_macro   0x0000000000000f82       0x51 ./Core/Src/OLED.o
 .debug_macro   0x0000000000000fd3      0x103 ./Core/Src/OLED.o
 .debug_macro   0x00000000000010d6       0x6a ./Core/Src/OLED.o
 .debug_macro   0x0000000000001140      0x1df ./Core/Src/OLED.o
 .debug_macro   0x000000000000131f       0x1c ./Core/Src/OLED.o
 .debug_macro   0x000000000000133b       0x22 ./Core/Src/OLED.o
 .debug_macro   0x000000000000135d       0xbd ./Core/Src/OLED.o
 .debug_macro   0x000000000000141a      0xd23 ./Core/Src/OLED.o
 .debug_macro   0x000000000000213d     0xfd8c ./Core/Src/OLED.o
 .debug_macro   0x0000000000011ec9       0x6d ./Core/Src/OLED.o
 .debug_macro   0x0000000000011f36     0x34a2 ./Core/Src/OLED.o
 .debug_macro   0x00000000000153d8      0x174 ./Core/Src/OLED.o
 .debug_macro   0x000000000001554c       0x5c ./Core/Src/OLED.o
 .debug_macro   0x00000000000155a8      0x5bc ./Core/Src/OLED.o
 .debug_macro   0x0000000000015b64      0x4d5 ./Core/Src/OLED.o
 .debug_macro   0x0000000000016039      0x1cb ./Core/Src/OLED.o
 .debug_macro   0x0000000000016204      0x114 ./Core/Src/OLED.o
 .debug_macro   0x0000000000016318      0x1ea ./Core/Src/OLED.o
 .debug_macro   0x0000000000016502       0x27 ./Core/Src/OLED.o
 .debug_macro   0x0000000000016529      0x144 ./Core/Src/OLED.o
 .debug_macro   0x000000000001666d      0x1bc ./Core/Src/OLED.o
 .debug_macro   0x0000000000016829       0x30 ./Core/Src/OLED.o
 .debug_macro   0x0000000000016859       0x3c ./Core/Src/OLED.o
 .debug_macro   0x0000000000016895       0x57 ./Core/Src/OLED.o
 .debug_macro   0x00000000000168ec       0x87 ./Core/Src/OLED.o
 .debug_macro   0x0000000000016973      0x24f ./Core/Src/OLED.o
 .debug_macro   0x0000000000016bc2      0x287 ./Core/Src/OLED.o
 .debug_macro   0x0000000000016e49      0x140 ./Core/Src/OLED.o
 .debug_macro   0x0000000000016f89      0x8ed ./Core/Src/OLED.o
 .debug_macro   0x0000000000017876       0xb5 ./Core/Src/OLED.o
 .debug_macro   0x000000000001792b      0x1b7 ./Core/Src/gpio.o
 .debug_macro   0x0000000000017ae2      0x1b7 ./Core/Src/i2c.o
 .debug_macro   0x0000000000017c99      0x1d9 ./Core/Src/main.o
 .debug_macro   0x0000000000017e72      0x1ad ./Core/Src/stm32f1xx_hal_msp.o
 .debug_macro   0x000000000001801f      0x1b7 ./Core/Src/stm32f1xx_it.o
 .debug_macro   0x00000000000181d6      0x1a3 ./Core/Src/system_stm32f1xx.o
 .debug_macro   0x0000000000018379      0x1b7 ./Core/Src/tim.o
 .debug_macro   0x0000000000018530      0x1c7 ./Drivers/STM32F1xx_HAL_Driver/Src/stm32f1xx_hal.o
 .debug_macro   0x00000000000186f7      0x1a3 ./Drivers/STM32F1xx_HAL_Driver/Src/stm32f1xx_hal_cortex.o
 .debug_macro   0x000000000001889a      0x20e ./Drivers/STM32F1xx_HAL_Driver/Src/stm32f1xx_hal_gpio.o
 .debug_macro   0x0000000000018aa8      0x1f1 ./Drivers/STM32F1xx_HAL_Driver/Src/stm32f1xx_hal_i2c.o
 .debug_macro   0x0000000000018c99      0x1b5 ./Drivers/STM32F1xx_HAL_Driver/Src/stm32f1xx_hal_rcc.o
 .debug_macro   0x0000000000018e4e      0x1a4 ./Drivers/STM32F1xx_HAL_Driver/Src/stm32f1xx_hal_tim.o
 .debug_macro   0x0000000000018ff2      0x1a3 ./Drivers/STM32F1xx_HAL_Driver/Src/stm32f1xx_hal_tim_ex.o

.debug_line     0x0000000000000000     0xf768
 .debug_line    0x0000000000000000      0xa37 ./Core/Src/OLED.o
 .debug_line    0x0000000000000a37      0x6f8 ./Core/Src/gpio.o
 .debug_line    0x000000000000112f      0x761 ./Core/Src/i2c.o
 .debug_line    0x0000000000001890      0x7b1 ./Core/Src/main.o
 .debug_line    0x0000000000002041      0x6fd ./Core/Src/stm32f1xx_hal_msp.o
 .debug_line    0x000000000000273e      0x7be ./Core/Src/stm32f1xx_it.o
 .debug_line    0x0000000000002efc      0x77a ./Core/Src/system_stm32f1xx.o
 .debug_line    0x0000000000003676      0x7b3 ./Core/Src/tim.o
 .debug_line    0x0000000000003e29       0x79 ./Core/Startup/startup_stm32f103zetx.o
 .debug_line    0x0000000000003ea2      0x9a7 ./Drivers/STM32F1xx_HAL_Driver/Src/stm32f1xx_hal.o
 .debug_line    0x0000000000004849      0xb8f ./Drivers/STM32F1xx_HAL_Driver/Src/stm32f1xx_hal_cortex.o
 .debug_line    0x00000000000053d8      0xa68 ./Drivers/STM32F1xx_HAL_Driver/Src/stm32f1xx_hal_gpio.o
 .debug_line    0x0000000000005e40     0x3b4e ./Drivers/STM32F1xx_HAL_Driver/Src/stm32f1xx_hal_i2c.o
 .debug_line    0x000000000000998e      0xdb0 ./Drivers/STM32F1xx_HAL_Driver/Src/stm32f1xx_hal_rcc.o
 .debug_line    0x000000000000a73e     0x36ce ./Drivers/STM32F1xx_HAL_Driver/Src/stm32f1xx_hal_tim.o
 .debug_line    0x000000000000de0c     0x195c ./Drivers/STM32F1xx_HAL_Driver/Src/stm32f1xx_hal_tim_ex.o

.debug_str      0x0000000000000000    0x94cc2
 .debug_str     0x0000000000000000    0x91767 ./Core/Src/OLED.o
                                      0x91bfc (size before relaxing)
 .debug_str     0x0000000000091767       0x72 ./Core/Src/gpio.o
                                      0x91640 (size before relaxing)
 .debug_str     0x00000000000917d9       0xc1 ./Core/Src/i2c.o
                                      0x91ba0 (size before relaxing)
 .debug_str     0x000000000009189a      0x427 ./Core/Src/main.o
                                      0x91cfa (size before relaxing)
 .debug_str     0x0000000000091cc1       0x5a ./Core/Src/stm32f1xx_hal_msp.o
                                      0x9166e (size before relaxing)
 .debug_str     0x0000000000091d1b       0xc9 ./Core/Src/stm32f1xx_it.o
                                      0x91683 (size before relaxing)
 .debug_str     0x0000000000091de4       0x7e ./Core/Src/system_stm32f1xx.o
                                      0x91699 (size before relaxing)
 .debug_str     0x0000000000091e62      0x1ea ./Core/Src/tim.o
                                      0x91d87 (size before relaxing)
 .debug_str     0x000000000009204c       0x34 ./Core/Startup/startup_stm32f103zetx.o
                                         0x7f (size before relaxing)
 .debug_str     0x0000000000092080      0x69f ./Drivers/STM32F1xx_HAL_Driver/Src/stm32f1xx_hal.o
                                      0x91eb0 (size before relaxing)
 .debug_str     0x000000000009271f      0x2b1 ./Drivers/STM32F1xx_HAL_Driver/Src/stm32f1xx_hal_cortex.o
                                      0x91dfc (size before relaxing)
 .debug_str     0x00000000000929d0      0x322 ./Drivers/STM32F1xx_HAL_Driver/Src/stm32f1xx_hal_gpio.o
                                      0x91a1f (size before relaxing)
 .debug_str     0x0000000000092cf2      0xbc8 ./Drivers/STM32F1xx_HAL_Driver/Src/stm32f1xx_hal_i2c.o
                                      0x92760 (size before relaxing)
 .debug_str     0x00000000000938ba      0x209 ./Drivers/STM32F1xx_HAL_Driver/Src/stm32f1xx_hal_rcc.o
                                      0x91ac8 (size before relaxing)
 .debug_str     0x0000000000093ac3      0xd6c ./Drivers/STM32F1xx_HAL_Driver/Src/stm32f1xx_hal_tim.o
                                      0x92aca (size before relaxing)
 .debug_str     0x000000000009482f      0x493 ./Drivers/STM32F1xx_HAL_Driver/Src/stm32f1xx_hal_tim_ex.o
                                      0x922d6 (size before relaxing)

.debug_frame    0x0000000000000000     0x3614
 .debug_frame   0x0000000000000000      0x1d0 ./Core/Src/OLED.o
 .debug_frame   0x00000000000001d0       0x38 ./Core/Src/gpio.o
 .debug_frame   0x0000000000000208       0x74 ./Core/Src/i2c.o
 .debug_frame   0x000000000000027c       0x6c ./Core/Src/main.o
 .debug_frame   0x00000000000002e8       0x38 ./Core/Src/stm32f1xx_hal_msp.o
 .debug_frame   0x0000000000000320      0x104 ./Core/Src/stm32f1xx_it.o
 .debug_frame   0x0000000000000424       0x58 ./Core/Src/system_stm32f1xx.o
 .debug_frame   0x000000000000047c       0xa8 ./Core/Src/tim.o
 .debug_frame   0x0000000000000524      0x334 ./Drivers/STM32F1xx_HAL_Driver/Src/stm32f1xx_hal.o
 .debug_frame   0x0000000000000858      0x428 ./Drivers/STM32F1xx_HAL_Driver/Src/stm32f1xx_hal_cortex.o
 .debug_frame   0x0000000000000c80      0x14c ./Drivers/STM32F1xx_HAL_Driver/Src/stm32f1xx_hal_gpio.o
 .debug_frame   0x0000000000000dcc      0xc84 ./Drivers/STM32F1xx_HAL_Driver/Src/stm32f1xx_hal_i2c.o
 .debug_frame   0x0000000000001a50      0x218 ./Drivers/STM32F1xx_HAL_Driver/Src/stm32f1xx_hal_rcc.o
 .debug_frame   0x0000000000001c68     0x11b8 ./Drivers/STM32F1xx_HAL_Driver/Src/stm32f1xx_hal_tim.o
 .debug_frame   0x0000000000002e20      0x638 ./Drivers/STM32F1xx_HAL_Driver/Src/stm32f1xx_hal_tim_ex.o
 .debug_frame   0x0000000000003458       0x20 D:/ST/STM32CubeIDE_1.13.2/STM32CubeIDE/plugins/com.st.stm32cube.ide.mcu.externaltools.gnu-tools-for-stm32.11.3.rel1.win32_1.1.1.202309131626/tools/bin/../lib/gcc/arm-none-eabi/11.3.1/../../../../arm-none-eabi/lib/thumb/v7-m/nofp\libc_nano.a(libc_a-memset.o)
 .debug_frame   0x0000000000003478       0x2c D:/ST/STM32CubeIDE_1.13.2/STM32CubeIDE/plugins/com.st.stm32cube.ide.mcu.externaltools.gnu-tools-for-stm32.11.3.rel1.win32_1.1.1.202309131626/tools/bin/../lib/gcc/arm-none-eabi/11.3.1/../../../../arm-none-eabi/lib/thumb/v7-m/nofp\libc_nano.a(libc_a-init.o)
 .debug_frame   0x00000000000034a4       0x4c D:/ST/STM32CubeIDE_1.13.2/STM32CubeIDE/plugins/com.st.stm32cube.ide.mcu.externaltools.gnu-tools-for-stm32.11.3.rel1.win32_1.1.1.202309131626/tools/bin/../lib/gcc/arm-none-eabi/11.3.1/thumb/v7-m/nofp\libgcc.a(_arm_addsubsf3.o)
 .debug_frame   0x00000000000034f0       0x38 D:/ST/STM32CubeIDE_1.13.2/STM32CubeIDE/plugins/com.st.stm32cube.ide.mcu.externaltools.gnu-tools-for-stm32.11.3.rel1.win32_1.1.1.202309131626/tools/bin/../lib/gcc/arm-none-eabi/11.3.1/thumb/v7-m/nofp\libgcc.a(_arm_muldivsf3.o)
 .debug_frame   0x0000000000003528       0xc8 D:/ST/STM32CubeIDE_1.13.2/STM32CubeIDE/plugins/com.st.stm32cube.ide.mcu.externaltools.gnu-tools-for-stm32.11.3.rel1.win32_1.1.1.202309131626/tools/bin/../lib/gcc/arm-none-eabi/11.3.1/thumb/v7-m/nofp\libgcc.a(_arm_cmpsf2.o)
 .debug_frame   0x00000000000035f0       0x24 D:/ST/STM32CubeIDE_1.13.2/STM32CubeIDE/plugins/com.st.stm32cube.ide.mcu.externaltools.gnu-tools-for-stm32.11.3.rel1.win32_1.1.1.202309131626/tools/bin/../lib/gcc/arm-none-eabi/11.3.1/thumb/v7-m/nofp\libgcc.a(_arm_fixunssfsi.o)

.debug_line_str
                0x0000000000000000       0x73
 .debug_line_str
                0x0000000000000000       0x73 ./Core/Startup/startup_stm32f103zetx.o
                                         0x8b (size before relaxing)
