18:21:37 **** Incremental Build of configuration Debug for project 4.7_TIMER_Encode ****
make -j16 all 
arm-none-eabi-gcc "../Core/Src/main.c" -mcpu=cortex-m3 -std=gnu11 -g3 -DDEBUG -DUSE_HAL_DRIVER -DSTM32F103xE -c -I../Core/Inc -I../Drivers/STM32F1xx_HAL_Driver/Inc/Legacy -I../Drivers/STM32F1xx_HAL_Driver/Inc -I../Drivers/CMSIS/Device/ST/STM32F1xx/Include -I../Drivers/CMSIS/Include -O0 -ffunction-sections -fdata-sections -Wall -fstack-usage -fcyclomatic-complexity -MMD -MP -MF"Core/Src/main.d" -MT"Core/Src/main.o" --specs=nano.specs -mfloat-abi=soft -mthumb -o "Core/Src/main.o"
arm-none-eabi-gcc -o "4.7_TIMER_Encode.elf" @"objects.list"   -mcpu=cortex-m3 -T"E:\Learning\32\STM32\MY_STM32Project\HAL_Project\4.7_TIMER_Encode\STM32F103ZETX_FLASH.ld" --specs=nosys.specs -Wl,-Map="4.7_TIMER_Encode.map" -Wl,--gc-sections -static --specs=nano.specs -mfloat-abi=soft -mthumb -Wl,--start-group -lc -lm -Wl,--end-group
Finished building target: 4.7_TIMER_Encode.elf
 
arm-none-eabi-size   4.7_TIMER_Encode.elf 
arm-none-eabi-objdump -h -S  4.7_TIMER_Encode.elf  > "4.7_TIMER_Encode.list"
   text	   data	    bss	    dec	    hex	filename
  13984	     20	   1804	  15808	   3dc0	4.7_TIMER_Encode.elf
Finished building: default.size.stdout
 
Finished building: 4.7_TIMER_Encode.list
 
18:21:39 **** Incremental Build of configuration Debug for project 4.7_TIMER_Encode ****
make -j16 all 
arm-none-eabi-size   4.7_TIMER_Encode.elf 
   text	   data	    bss	    dec	    hex	filename
  13984	     20	   1804	  15808	   3dc0	4.7_TIMER_Encode.elf
Finished building: default.size.stdout
 
18:22:43 **** Incremental Build of configuration Debug for project 4.7_TIMER_Encode ****
make -j16 all 
arm-none-eabi-gcc "../Core/Src/main.c" -mcpu=cortex-m3 -std=gnu11 -g3 -DDEBUG -DUSE_HAL_DRIVER -DSTM32F103xE -c -I../Core/Inc -I../Drivers/STM32F1xx_HAL_Driver/Inc/Legacy -I../Drivers/STM32F1xx_HAL_Driver/Inc -I../Drivers/CMSIS/Device/ST/STM32F1xx/Include -I../Drivers/CMSIS/Include -O0 -ffunction-sections -fdata-sections -Wall -fstack-usage -fcyclomatic-complexity -MMD -MP -MF"Core/Src/main.d" -MT"Core/Src/main.o" --specs=nano.specs -mfloat-abi=soft -mthumb -o "Core/Src/main.o"
arm-none-eabi-gcc -o "4.7_TIMER_Encode.elf" @"objects.list"   -mcpu=cortex-m3 -T"E:\Learning\32\STM32\MY_STM32Project\HAL_Project\4.7_TIMER_Encode\STM32F103ZETX_FLASH.ld" --specs=nosys.specs -Wl,-Map="4.7_TIMER_Encode.map" -Wl,--gc-sections -static --specs=nano.specs -mfloat-abi=soft -mthumb -Wl,--start-group -lc -lm -Wl,--end-group
Finished building target: 4.7_TIMER_Encode.elf
 
arm-none-eabi-size   4.7_TIMER_Encode.elf 
arm-none-eabi-objdump -h -S  4.7_TIMER_Encode.elf  > "4.7_TIMER_Encode.list"
   text	   data	    bss	    dec	    hex	filename
  13988	     20	   1804	  15812	   3dc4	4.7_TIMER_Encode.elf
Finished building: default.size.stdout
 
Finished building: 4.7_TIMER_Encode.list
 
18:28:23 **** Incremental Build of configuration Debug for project 4.7_TIMER_Encode ****
make -j16 all 
arm-none-eabi-gcc "../Core/Src/main.c" -mcpu=cortex-m3 -std=gnu11 -g3 -DDEBUG -DUSE_HAL_DRIVER -DSTM32F103xE -c -I../Core/Inc -I../Drivers/STM32F1xx_HAL_Driver/Inc/Legacy -I../Drivers/STM32F1xx_HAL_Driver/Inc -I../Drivers/CMSIS/Device/ST/STM32F1xx/Include -I../Drivers/CMSIS/Include -O0 -ffunction-sections -fdata-sections -Wall -fstack-usage -fcyclomatic-complexity -MMD -MP -MF"Core/Src/main.d" -MT"Core/Src/main.o" --specs=nano.specs -mfloat-abi=soft -mthumb -o "Core/Src/main.o"
arm-none-eabi-gcc "../Core/Src/tim.c" -mcpu=cortex-m3 -std=gnu11 -g3 -DDEBUG -DUSE_HAL_DRIVER -DSTM32F103xE -c -I../Core/Inc -I../Drivers/STM32F1xx_HAL_Driver/Inc/Legacy -I../Drivers/STM32F1xx_HAL_Driver/Inc -I../Drivers/CMSIS/Device/ST/STM32F1xx/Include -I../Drivers/CMSIS/Include -O0 -ffunction-sections -fdata-sections -Wall -fstack-usage -fcyclomatic-complexity -MMD -MP -MF"Core/Src/tim.d" -MT"Core/Src/tim.o" --specs=nano.specs -mfloat-abi=soft -mthumb -o "Core/Src/tim.o"
arm-none-eabi-gcc -o "4.7_TIMER_Encode.elf" @"objects.list"   -mcpu=cortex-m3 -T"E:\Learning\32\STM32\MY_STM32Project\HAL_Project\4.7_TIMER_Encode\STM32F103ZETX_FLASH.ld" --specs=nosys.specs -Wl,-Map="4.7_TIMER_Encode.map" -Wl,--gc-sections -static --specs=nano.specs -mfloat-abi=soft -mthumb -Wl,--start-group -lc -lm -Wl,--end-group
Finished building target: 4.7_TIMER_Encode.elf
 
arm-none-eabi-size   4.7_TIMER_Encode.elf 
arm-none-eabi-objdump -h -S  4.7_TIMER_Encode.elf  > "4.7_TIMER_Encode.list"
   text	   data	    bss	    dec	    hex	filename
  14108	     20	   1804	  15932	   3e3c	4.7_TIMER_Encode.elf
Finished building: default.size.stdout
 
Finished building: 4.7_TIMER_Encode.list
 
18:31:33 **** Incremental Build of configuration Debug for project 4.7_TIMER_Encode ****
make -j16 all 
arm-none-eabi-gcc "../Core/Src/main.c" -mcpu=cortex-m3 -std=gnu11 -g3 -DDEBUG -DUSE_HAL_DRIVER -DSTM32F103xE -c -I../Core/Inc -I../Drivers/STM32F1xx_HAL_Driver/Inc/Legacy -I../Drivers/STM32F1xx_HAL_Driver/Inc -I../Drivers/CMSIS/Device/ST/STM32F1xx/Include -I../Drivers/CMSIS/Include -O0 -ffunction-sections -fdata-sections -Wall -fstack-usage -fcyclomatic-complexity -MMD -MP -MF"Core/Src/main.d" -MT"Core/Src/main.o" --specs=nano.specs -mfloat-abi=soft -mthumb -o "Core/Src/main.o"
arm-none-eabi-gcc -o "4.7_TIMER_Encode.elf" @"objects.list"   -mcpu=cortex-m3 -T"E:\Learning\32\STM32\MY_STM32Project\HAL_Project\4.7_TIMER_Encode\STM32F103ZETX_FLASH.ld" --specs=nosys.specs -Wl,-Map="4.7_TIMER_Encode.map" -Wl,--gc-sections -static --specs=nano.specs -mfloat-abi=soft -mthumb -Wl,--start-group -lc -lm -Wl,--end-group
Finished building target: 4.7_TIMER_Encode.elf
 
arm-none-eabi-size   4.7_TIMER_Encode.elf 
arm-none-eabi-objdump -h -S  4.7_TIMER_Encode.elf  > "4.7_TIMER_Encode.list"
   text	   data	    bss	    dec	    hex	filename
  14048	     20	   1804	  15872	   3e00	4.7_TIMER_Encode.elf
Finished building: default.size.stdout
 
Finished building: 4.7_TIMER_Encode.list
 
18:33:32 **** Incremental Build of configuration Debug for project 4.7_TIMER_Encode ****
make -j16 all 
arm-none-eabi-gcc "../Core/Src/main.c" -mcpu=cortex-m3 -std=gnu11 -g3 -DDEBUG -DUSE_HAL_DRIVER -DSTM32F103xE -c -I../Core/Inc -I../Drivers/STM32F1xx_HAL_Driver/Inc/Legacy -I../Drivers/STM32F1xx_HAL_Driver/Inc -I../Drivers/CMSIS/Device/ST/STM32F1xx/Include -I../Drivers/CMSIS/Include -O0 -ffunction-sections -fdata-sections -Wall -fstack-usage -fcyclomatic-complexity -MMD -MP -MF"Core/Src/main.d" -MT"Core/Src/main.o" --specs=nano.specs -mfloat-abi=soft -mthumb -o "Core/Src/main.o"
arm-none-eabi-gcc -o "4.7_TIMER_Encode.elf" @"objects.list"   -mcpu=cortex-m3 -T"E:\Learning\32\STM32\MY_STM32Project\HAL_Project\4.7_TIMER_Encode\STM32F103ZETX_FLASH.ld" --specs=nosys.specs -Wl,-Map="4.7_TIMER_Encode.map" -Wl,--gc-sections -static --specs=nano.specs -mfloat-abi=soft -mthumb -Wl,--start-group -lc -lm -Wl,--end-group
Finished building target: 4.7_TIMER_Encode.elf
 
arm-none-eabi-size   4.7_TIMER_Encode.elf 
arm-none-eabi-objdump -h -S  4.7_TIMER_Encode.elf  > "4.7_TIMER_Encode.list"
   text	   data	    bss	    dec	    hex	filename
  13436	     20	   1804	  15260	   3b9c	4.7_TIMER_Encode.elf
Finished building: default.size.stdout
 
Finished building: 4.7_TIMER_Encode.list
 
