18:13:11 **** Incremental Build of configuration Debug for project GPIO_IN_OUT ****
make -j16 all 
arm-none-eabi-gcc "../Core/Src/main.c" -mcpu=cortex-m3 -std=gnu11 -g3 -DDEBUG -DUSE_HAL_DRIVER -DSTM32F103xE -c -I../Core/Inc -I../Drivers/STM32F1xx_HAL_Driver/Inc/Legacy -I../Drivers/STM32F1xx_HAL_Driver/Inc -I../Drivers/CMSIS/Device/ST/STM32F1xx/Include -I../Drivers/CMSIS/Include -O0 -ffunction-sections -fdata-sections -Wall -fstack-usage -fcyclomatic-complexity -MMD -MP -MF"Core/Src/main.d" -MT"Core/Src/main.o" --specs=nano.specs -mfloat-abi=soft -mthumb -o "Core/Src/main.o"
arm-none-eabi-gcc -o "GPIO_IN_OUT.elf" @"objects.list"   -mcpu=cortex-m3 -T"E:\Learning\32\STM32\MY_STM32Project\HAL_Project\GPIO_IN_OUT\STM32F103ZETX_FLASH.ld" --specs=nosys.specs -Wl,-Map="GPIO_IN_OUT.map" -Wl,--gc-sections -static --specs=nano.specs -mfloat-abi=soft -mthumb -Wl,--start-group -lc -lm -Wl,--end-group
Finished building target: GPIO_IN_OUT.elf
 
arm-none-eabi-size   GPIO_IN_OUT.elf 
arm-none-eabi-objdump -h -S  GPIO_IN_OUT.elf  > "GPIO_IN_OUT.list"
   text	   data	    bss	    dec	    hex	filename
   5164	     20	   1572	   6756	   1a64	GPIO_IN_OUT.elf
Finished building: default.size.stdout
 
Finished building: GPIO_IN_OUT.list
 
18:13:13 **** Incremental Build of configuration Debug for project GPIO_IN_OUT ****
make -j16 all 
arm-none-eabi-size   GPIO_IN_OUT.elf 
   text	   data	    bss	    dec	    hex	filename
   5164	     20	   1572	   6756	   1a64	GPIO_IN_OUT.elf
Finished building: default.size.stdout
 
